// Jest Snapshot v1, https://goo.gl/fbAQLP

exports[`Test GifGrid should render GifGrid correctly 1`] = `
<Fragment>
  <h3
    className="animate__animated animate__fadeIn"
  >
    Mononoke
  </h3>
  <p
    className="animate__animated animate__flash"
  >
    Loading...
  </p>
  <div
    className="card-grid"
  />
</Fragment>
`;
