// Jest Snapshot v1, https://goo.gl/fbAQLP

exports[`Test GifGridItem should render GifGridItem correctly 1`] = `
<div
  className="card animate__animated animate__fadeIn"
>
  <img
    alt="Un título"
    src="https://localhost:3000/algo.jpg"
  />
  <p>
    Un título
  </p>
</div>
`;
